
> frontend@0.1.0 build
> next build

Γû▓ Next.js 16.2.2 (Turbopack)

  Creating an optimized production build ...
Γ£ô Compiled successfully in 8.7s
  Running TypeScript ...
  Finished TypeScript in 10.5s ...
  Collecting page data using 11 workers ...
  Generating static pages using 11 workers (0/13) ...
  Generating static pages using 11 workers (3/13) 
  Generating static pages using 11 workers (6/13) 
  Generating static pages using 11 workers (9/13) 
Γ£ô Generating static pages using 11 workers (13/13) in 1498ms
  Finalizing page optimization ...

Route (app)
Γöî Γùï /
Γö£ Γùï /_not-found
Γö£ Γùï /attendance
Γö£ Γùï /forgot-password
Γö£ Γùï /icon.png
Γö£ Γùï /login
Γö£ Γùï /members
Γö£ Γùï /payments
Γö£ Γùï /plans
Γö£ Γùï /reports
Γö£ Γùï /reset-password
Γöö Γùï /staff


Γùï  (Static)  prerendered as static content

